// Jest Snapshot v1, https://goo.gl/fbAQLP

exports[`<Empty Component/> <Empty/> should render without errors 1`] = `ShallowWrapper {}`;
