// Jest Snapshot v1, https://goo.gl/fbAQLP

exports[`<Footer Component/> <Footer /> should render without errors 1`] = `ShallowWrapper {}`;
