// Jest Snapshot v1, https://goo.gl/fbAQLP

exports[`App component Should render the component succesfully 1`] = `ShallowWrapper {}`;
